mode: set
opentracker/internal/config/config.go:14.30,16.16 2 1
opentracker/internal/config/config.go:16.16,18.3 1 0
opentracker/internal/config/config.go:20.2,23.16 3 1
opentracker/internal/config/config.go:23.16,24.25 1 1
opentracker/internal/config/config.go:24.25,26.4 1 1
opentracker/internal/config/config.go:27.3,27.56 1 0
opentracker/internal/config/config.go:30.2,31.51 2 1
opentracker/internal/config/config.go:31.51,33.3 1 1
opentracker/internal/config/config.go:35.2,35.18 1 1
opentracker/internal/config/config.go:38.73,39.24 1 1
opentracker/internal/config/config.go:39.24,41.3 1 0
opentracker/internal/config/config.go:42.2,43.17 2 1
opentracker/internal/config/config.go:46.31,48.16 2 1
opentracker/internal/config/config.go:48.16,50.3 1 0
opentracker/internal/config/config.go:52.2,53.53 2 1
opentracker/internal/config/config.go:53.53,55.3 1 0
opentracker/internal/config/config.go:57.2,60.16 3 1
opentracker/internal/config/config.go:60.16,62.3 1 0
opentracker/internal/config/config.go:64.2,64.61 1 1
opentracker/internal/config/config.go:64.61,66.3 1 0
opentracker/internal/config/config.go:68.2,68.12 1 1
opentracker/internal/cache/cache.go:20.29,22.2 1 1
opentracker/internal/cache/cache.go:24.56,27.16 3 1
opentracker/internal/cache/cache.go:27.16,29.3 1 1
opentracker/internal/cache/cache.go:31.2,32.50 2 1
opentracker/internal/cache/cache.go:32.50,34.3 1 1
opentracker/internal/cache/cache.go:36.2,36.36 1 1
opentracker/internal/cache/cache.go:36.36,39.3 2 1
opentracker/internal/cache/cache.go:41.2,41.54 1 1
opentracker/internal/cache/cache.go:41.54,43.3 1 0
opentracker/internal/cache/cache.go:45.2,45.13 1 1
opentracker/internal/cache/cache.go:48.76,49.49 1 1
opentracker/internal/cache/cache.go:49.49,51.3 1 0
opentracker/internal/cache/cache.go:53.2,54.16 2 1
opentracker/internal/cache/cache.go:54.16,56.3 1 0
opentracker/internal/cache/cache.go:58.2,65.16 4 1
opentracker/internal/cache/cache.go:65.16,67.3 1 0
opentracker/internal/cache/cache.go:69.2,69.59 1 1
opentracker/internal/cache/cache.go:69.59,71.3 1 0
opentracker/internal/cache/cache.go:73.2,73.12 1 1
opentracker/internal/cache/cache.go:76.46,78.63 2 1
opentracker/internal/cache/cache.go:78.63,80.3 1 0
opentracker/internal/cache/cache.go:81.2,81.12 1 1
opentracker/internal/fetcher/fetcher.go:20.47,22.16 2 1
opentracker/internal/fetcher/fetcher.go:22.16,24.3 1 0
opentracker/internal/fetcher/fetcher.go:26.2,29.8 1 1
opentracker/internal/fetcher/fetcher.go:32.113,34.16 2 0
opentracker/internal/fetcher/fetcher.go:34.16,36.3 1 0
opentracker/internal/fetcher/fetcher.go:38.2,38.28 1 0
opentracker/internal/fetcher/fetcher.go:38.28,40.3 1 0
opentracker/internal/fetcher/fetcher.go:42.2,43.16 2 0
opentracker/internal/fetcher/fetcher.go:43.16,45.3 1 0
opentracker/internal/fetcher/fetcher.go:47.2,47.30 1 0
opentracker/internal/fetcher/fetcher.go:47.30,48.75 1 0
opentracker/internal/fetcher/fetcher.go:48.75,50.4 1 0
opentracker/internal/fetcher/fetcher.go:53.2,54.16 2 0
opentracker/internal/fetcher/fetcher.go:54.16,56.3 1 0
opentracker/internal/fetcher/fetcher.go:58.2,58.18 1 0
opentracker/internal/fetcher/fetcher.go:61.63,63.16 2 1
opentracker/internal/fetcher/fetcher.go:63.16,64.25 1 1
opentracker/internal/fetcher/fetcher.go:64.25,66.4 1 1
opentracker/internal/fetcher/fetcher.go:67.3,67.61 1 0
opentracker/internal/fetcher/fetcher.go:69.2,73.21 4 1
opentracker/internal/fetcher/fetcher.go:73.21,75.91 2 1
opentracker/internal/fetcher/fetcher.go:75.91,76.12 1 1
opentracker/internal/fetcher/fetcher.go:79.3,80.22 2 1
opentracker/internal/fetcher/fetcher.go:80.22,81.12 1 0
opentracker/internal/fetcher/fetcher.go:84.3,95.17 8 1
opentracker/internal/fetcher/fetcher.go:95.17,96.12 1 0
opentracker/internal/fetcher/fetcher.go:98.3,108.5 2 1
opentracker/internal/fetcher/fetcher.go:111.2,111.31 1 1
opentracker/internal/fetcher/fetcher.go:115.52,118.30 3 1
opentracker/internal/fetcher/fetcher.go:118.30,119.36 1 1
opentracker/internal/fetcher/fetcher.go:119.36,121.4 1 1
opentracker/internal/fetcher/fetcher.go:123.2,123.34 1 1
opentracker/internal/fetcher/fetcher.go:126.46,129.36 3 1
opentracker/internal/fetcher/fetcher.go:129.36,131.3 1 1
opentracker/internal/fetcher/fetcher.go:132.2,132.23 1 1
opentracker/internal/provider/registry.go:12.80,14.2 1 1
opentracker/internal/provider/registry.go:17.61,19.9 2 1
opentracker/internal/provider/registry.go:19.9,21.3 1 1
opentracker/internal/provider/registry.go:22.2,22.21 1 1
opentracker/internal/provider/registry.go:26.22,28.29 2 1
opentracker/internal/provider/registry.go:28.29,30.3 1 1
opentracker/internal/provider/registry.go:31.2,31.14 1 1
opentracker/internal/provider/registry.go:35.50,37.35 2 1
opentracker/internal/provider/registry.go:37.35,39.17 2 1
opentracker/internal/provider/registry.go:39.17,41.4 1 1
opentracker/internal/provider/registry.go:42.3,42.35 1 1
opentracker/internal/provider/registry.go:44.2,44.23 1 1
opentracker/internal/provider/opencode/config.go:11.64,13.50 2 1
opentracker/internal/provider/opencode/config.go:13.50,15.3 1 1
opentracker/internal/provider/opencode/config.go:16.2,16.18 1 1
opentracker/internal/provider/opencode/parse.go:14.46,20.16 3 1
opentracker/internal/provider/opencode/parse.go:20.16,22.3 1 0
opentracker/internal/provider/opencode/parse.go:25.2,26.19 2 1
opentracker/internal/provider/opencode/parse.go:26.19,28.3 1 1
opentracker/internal/provider/opencode/parse.go:30.2,30.19 1 1
opentracker/internal/provider/opencode/parse.go:33.55,35.20 2 1
opentracker/internal/provider/opencode/parse.go:35.20,37.3 1 0
opentracker/internal/provider/opencode/parse.go:39.2,41.33 2 1
opentracker/internal/provider/opencode/parse.go:41.33,43.19 2 1
opentracker/internal/provider/opencode/parse.go:43.19,45.4 1 0
opentracker/internal/provider/opencode/parse.go:47.3,52.24 5 1
opentracker/internal/provider/opencode/parse.go:52.24,53.12 1 0
opentracker/internal/provider/opencode/parse.go:56.3,59.27 3 1
opentracker/internal/provider/opencode/parse.go:59.27,61.4 1 1
opentracker/internal/provider/opencode/parse.go:61.9,61.31 1 0
opentracker/internal/provider/opencode/parse.go:61.31,63.4 1 0
opentracker/internal/provider/opencode/parse.go:63.9,64.12 1 0
opentracker/internal/provider/opencode/parse.go:67.3,68.17 2 1
opentracker/internal/provider/opencode/parse.go:68.17,70.4 1 0
opentracker/internal/provider/opencode/parse.go:72.3,73.24 2 1
opentracker/internal/provider/opencode/parse.go:73.24,79.4 5 1
opentracker/internal/provider/opencode/parse.go:81.3,90.10 4 1
opentracker/internal/provider/opencode/parse.go:91.136,92.30 1 1
opentracker/internal/provider/opencode/parse.go:93.93,94.29 1 1
opentracker/internal/provider/opencode/parse.go:95.95,96.30 1 1
opentracker/internal/provider/opencode/parse.go:97.11,98.30 1 0
opentracker/internal/provider/opencode/parse.go:102.2,103.31 2 1
opentracker/internal/provider/opencode/parse.go:103.31,105.3 1 1
opentracker/internal/provider/opencode/parse.go:106.2,106.30 1 1
opentracker/internal/provider/opencode/parse.go:106.30,108.3 1 1
opentracker/internal/provider/opencode/parse.go:109.2,109.31 1 1
opentracker/internal/provider/opencode/parse.go:109.31,111.3 1 1
opentracker/internal/provider/opencode/parse.go:113.2,113.19 1 1
opentracker/internal/provider/opencode/parse.go:124.57,129.28 4 1
opentracker/internal/provider/opencode/parse.go:129.28,130.17 1 1
opentracker/internal/provider/opencode/parse.go:130.17,131.12 1 0
opentracker/internal/provider/opencode/parse.go:133.3,138.5 3 1
opentracker/internal/provider/opencode/parse.go:140.2,140.15 1 1
opentracker/internal/provider/opencode/parse.go:145.63,146.25 1 1
opentracker/internal/provider/opencode/parse.go:146.25,148.12 2 1
opentracker/internal/provider/opencode/parse.go:149.10,150.25 1 1
opentracker/internal/provider/opencode/parse.go:151.10,152.24 1 1
opentracker/internal/provider/opencode/parse.go:153.10,154.25 1 1
opentracker/internal/provider/opencode/parse.go:155.11,156.12 1 0
opentracker/internal/provider/opencode/parse.go:158.3,158.19 1 1
opentracker/internal/provider/opencode/parse.go:158.19,159.12 1 0
opentracker/internal/provider/opencode/parse.go:161.3,163.104 3 1
opentracker/internal/provider/opencode/parse.go:167.48,172.79 4 1
opentracker/internal/provider/opencode/parse.go:172.79,174.3 1 1
opentracker/internal/provider/opencode/parse.go:175.2,175.82 1 1
opentracker/internal/provider/opencode/parse.go:175.82,177.3 1 1
opentracker/internal/provider/opencode/parse.go:178.2,178.81 1 1
opentracker/internal/provider/opencode/parse.go:178.81,180.3 1 1
opentracker/internal/provider/opencode/parse.go:182.2,186.53 4 1
opentracker/internal/provider/opencode/provider.go:16.13,17.86 1 1
opentracker/internal/provider/opencode/provider.go:17.86,19.3 1 0
opentracker/internal/provider/opencode/provider.go:20.2,20.85 1 1
opentracker/internal/provider/opencode/provider.go:20.85,22.3 1 0
opentracker/internal/provider/opencode/provider.go:34.81,36.9 2 0
opentracker/internal/provider/opencode/provider.go:36.9,38.3 1 0
opentracker/internal/provider/opencode/provider.go:40.2,41.16 2 0
opentracker/internal/provider/opencode/provider.go:41.16,43.3 1 0
opentracker/internal/provider/opencode/provider.go:45.2,45.25 1 0
opentracker/internal/provider/opencode/provider.go:45.25,47.3 1 0
opentracker/internal/provider/opencode/provider.go:49.2,53.16 4 0
opentracker/internal/provider/opencode/provider.go:53.16,55.3 1 0
opentracker/internal/provider/opencode/provider.go:57.2,62.8 1 0
opentracker/internal/provider/opencode/provider.go:66.42,68.2 1 0
opentracker/internal/provider/opencode/provider.go:71.71,80.16 4 0
opentracker/internal/provider/opencode/provider.go:80.16,82.3 1 0
opentracker/internal/provider/opencode/provider.go:83.2,85.38 2 0
opentracker/internal/provider/opencode/provider.go:85.38,87.3 1 0
opentracker/internal/provider/opencode/provider.go:89.2,90.16 2 0
opentracker/internal/provider/opencode/provider.go:90.16,92.3 1 0
opentracker/internal/provider/opencode/provider.go:94.2,95.28 2 0
opentracker/internal/provider/opencode/provider.go:95.28,97.3 1 0
opentracker/internal/provider/opencode/provider.go:99.2,99.18 1 0
opentracker/internal/provider/opencode/provider.go:102.40,112.2 1 1
opentracker/internal/provider/opencode/provider.go:114.51,115.30 1 1
opentracker/internal/provider/opencode/provider.go:115.30,116.23 1 1
opentracker/internal/provider/opencode/provider.go:116.23,118.4 1 1
opentracker/internal/provider/opencode/provider.go:120.2,120.14 1 1
opentracker/internal/provider/opencode/provider.go:123.38,125.2 1 1
opentracker/internal/provider/opencode/provider.go:127.40,128.43 1 1
opentracker/internal/provider/opencode/provider.go:128.43,129.35 1 1
opentracker/internal/provider/opencode/provider.go:129.35,131.4 1 1
opentracker/internal/provider/opencode/provider.go:133.2,133.14 1 1
opentracker/internal/provider/opencode/provider.go:137.68,139.2 1 0
opentracker/internal/provider/opencode/workspace.go:23.59,26.16 2 0
opentracker/internal/provider/opencode/workspace.go:26.16,28.54 2 0
opentracker/internal/provider/opencode/workspace.go:28.54,30.30 2 0
opentracker/internal/provider/opencode/workspace.go:30.30,32.5 1 0
opentracker/internal/provider/opencode/workspace.go:37.2,38.16 2 0
opentracker/internal/provider/opencode/workspace.go:38.16,40.3 1 0
opentracker/internal/provider/opencode/workspace.go:42.2,43.24 2 0
opentracker/internal/provider/opencode/workspace.go:43.24,45.3 1 0
opentracker/internal/provider/opencode/workspace.go:48.2,53.16 5 0
opentracker/internal/provider/opencode/workspace.go:53.16,55.3 1 0
opentracker/internal/provider/opencode/workspace.go:57.2,67.16 10 0
opentracker/internal/provider/opencode/workspace.go:67.16,69.3 1 0
opentracker/internal/provider/opencode/workspace.go:70.2,73.16 3 0
opentracker/internal/provider/opencode/workspace.go:73.16,75.3 1 0
opentracker/internal/provider/opencode/workspace.go:77.2,79.38 2 0
opentracker/internal/provider/opencode/workspace.go:79.38,80.92 1 0
opentracker/internal/provider/opencode/workspace.go:80.92,82.4 1 0
opentracker/internal/provider/opencode/workspace.go:83.3,83.52 1 0
opentracker/internal/provider/opencode/workspace.go:87.2,88.14 2 0
opentracker/internal/provider/opencode/workspace.go:88.14,90.3 1 0
opentracker/internal/provider/opencode/workspace.go:93.2,93.16 1 0
opentracker/internal/provider/opencode/workspace.go:93.16,98.3 4 0
opentracker/internal/provider/opencode/workspace.go:100.2,100.16 1 0
opentracker/internal/provider/opencode/workspace.go:103.41,105.2 1 1
opentracker/internal/provider/opencode/workspace.go:107.45,109.90 1 1
opentracker/internal/provider/opencode/workspace.go:109.90,111.3 1 1
opentracker/internal/provider/opencode/workspace.go:113.2,113.97 1 1
opentracker/internal/provider/opencode/workspace.go:113.97,115.3 1 1
opentracker/internal/provider/opencode/workspace.go:116.2,116.11 1 1
opentracker/cmd/fetch.go:20.54,22.20 2 0
opentracker/cmd/fetch.go:22.20,24.4 1 0
opentracker/cmd/fetch.go:26.3,27.17 2 0
opentracker/cmd/fetch.go:27.17,29.4 1 0
opentracker/cmd/fetch.go:31.3,34.49 3 0
opentracker/cmd/fetch.go:38.13,41.2 2 0
opentracker/cmd/login.go:27.54,31.19 3 0
opentracker/cmd/login.go:32.19,33.34 1 0
opentracker/cmd/login.go:34.11,35.55 1 0
opentracker/cmd/login.go:38.3,40.23 2 0
opentracker/cmd/login.go:41.16,42.41 1 0
opentracker/cmd/login.go:43.17,44.37 1 0
opentracker/cmd/login.go:45.18,46.72 1 0
opentracker/cmd/login.go:49.3,54.14 5 0
opentracker/cmd/login.go:54.14,55.30 1 0
opentracker/cmd/login.go:55.30,57.5 1 0
opentracker/cmd/login.go:60.3,61.17 2 0
opentracker/cmd/login.go:61.17,68.4 6 0
opentracker/cmd/login.go:70.3,70.69 1 0
opentracker/cmd/login.go:70.69,72.4 1 0
opentracker/cmd/login.go:74.3,80.17 5 0
opentracker/cmd/login.go:80.17,85.4 4 0
opentracker/cmd/login.go:87.3,87.24 1 0
opentracker/cmd/login.go:87.24,90.18 2 0
opentracker/cmd/login.go:90.18,94.5 3 0
opentracker/cmd/login.go:97.3,97.13 1 0
opentracker/cmd/login.go:101.13,104.2 2 0
opentracker/cmd/root.go:20.27,22.2 1 0
opentracker/cmd/root.go:25.16,26.42 1 0
opentracker/cmd/root.go:26.42,28.3 1 0
opentracker/cmd/root.go:31.13,33.2 1 0
opentracker/cmd/version.go:12.47,13.20 1 0
opentracker/cmd/version.go:13.20,15.4 1 0
opentracker/cmd/version.go:16.3,16.38 1 0
opentracker/cmd/version.go:20.13,22.2 1 0
opentracker/internal/app/app.go:28.26,30.16 2 0
opentracker/internal/app/app.go:30.16,32.3 1 0
opentracker/internal/app/app.go:34.2,35.16 2 0
opentracker/internal/app/app.go:35.16,37.3 1 0
opentracker/internal/app/app.go:39.2,45.8 3 0
opentracker/internal/app/app.go:49.81,50.27 1 0
opentracker/internal/app/app.go:50.27,52.3 1 0
opentracker/internal/app/app.go:54.2,54.45 1 0
opentracker/internal/app/app.go:57.84,60.12 2 0
opentracker/internal/app/app.go:60.12,62.37 2 0
opentracker/internal/app/app.go:62.37,64.4 1 0
opentracker/internal/app/app.go:68.2,68.35 1 0
opentracker/internal/app/app.go:68.35,69.53 1 0
opentracker/internal/app/app.go:69.53,71.4 1 0
opentracker/internal/app/app.go:74.2,75.16 2 0
opentracker/internal/app/app.go:75.16,77.3 1 0
opentracker/internal/app/app.go:79.2,80.16 2 0
opentracker/internal/app/app.go:80.16,82.3 1 0
opentracker/internal/app/app.go:84.2,85.16 2 0
opentracker/internal/app/app.go:85.16,87.3 1 0
opentracker/internal/app/app.go:89.2,93.71 2 0
opentracker/internal/app/app.go:93.71,96.3 1 0
opentracker/internal/app/app.go:98.2,98.30 1 0
opentracker/internal/app/app.go:102.54,104.50 1 0
opentracker/internal/app/app.go:104.50,105.50 1 0
opentracker/internal/app/app.go:105.50,107.4 1 0
opentracker/internal/app/app.go:109.2,110.11 2 0
opentracker/internal/app/app.go:113.63,115.21 2 0
opentracker/internal/app/app.go:115.21,117.3 1 0
opentracker/internal/app/app.go:119.2,120.29 2 0
opentracker/internal/app/app.go:120.29,121.54 1 0
opentracker/internal/app/app.go:121.54,123.12 2 0
opentracker/internal/app/app.go:129.2,130.12 2 0
opentracker/internal/app/app.go:133.54,140.16 5 0
opentracker/internal/app/app.go:140.16,142.3 1 0
opentracker/internal/app/app.go:143.2,145.21 2 0
opentracker/internal/app/app.go:145.21,147.3 1 0
opentracker/internal/app/app.go:149.2,153.50 3 0
opentracker/internal/app/app.go:153.50,155.3 1 0
opentracker/internal/app/app.go:157.2,159.40 2 0
opentracker/internal/app/app.go:159.40,161.3 1 0
opentracker/internal/app/app.go:163.2,164.12 2 0
opentracker/internal/browsercookies/browsercookies.go:20.95,21.19 1 0
opentracker/internal/browsercookies/browsercookies.go:21.19,23.3 1 0
opentracker/internal/browsercookies/browsercookies.go:26.2,27.16 2 0
opentracker/internal/browsercookies/browsercookies.go:27.16,29.3 1 0
opentracker/internal/browsercookies/browsercookies.go:30.2,30.19 1 0
opentracker/internal/browsercookies/browsercookies.go:30.19,32.3 1 0
opentracker/internal/browsercookies/browsercookies.go:35.2,36.16 2 0
opentracker/internal/browsercookies/browsercookies.go:36.16,38.3 1 0
opentracker/internal/browsercookies/browsercookies.go:39.2,39.19 1 0
opentracker/internal/browsercookies/browsercookies.go:39.19,41.3 1 0
opentracker/internal/browsercookies/browsercookies.go:44.2,45.16 2 0
opentracker/internal/browsercookies/browsercookies.go:45.16,47.3 1 0
opentracker/internal/browsercookies/browsercookies.go:48.2,48.19 1 0
opentracker/internal/browsercookies/browsercookies.go:48.19,50.3 1 0
opentracker/internal/browsercookies/browsercookies.go:52.2,52.80 1 0
opentracker/internal/browsercookies/browsercookies.go:55.95,57.22 2 0
opentracker/internal/browsercookies/browsercookies.go:57.22,59.3 1 0
opentracker/internal/browsercookies/browsercookies.go:61.2,61.31 1 0
opentracker/internal/browsercookies/browsercookies.go:61.31,69.20 6 0
opentracker/internal/browsercookies/browsercookies.go:69.20,71.4 1 0
opentracker/internal/browsercookies/browsercookies.go:73.3,73.20 1 0
opentracker/internal/browsercookies/browsercookies.go:73.20,75.4 1 0
opentracker/internal/browsercookies/browsercookies.go:77.3,81.34 4 0
opentracker/internal/browsercookies/browsercookies.go:81.34,82.21 1 0
opentracker/internal/browsercookies/browsercookies.go:82.21,83.13 1 0
opentracker/internal/browsercookies/browsercookies.go:86.4,86.52 1 0
opentracker/internal/browsercookies/browsercookies.go:86.52,87.13 1 0
opentracker/internal/browsercookies/browsercookies.go:90.4,91.61 2 0
opentracker/internal/browsercookies/browsercookies.go:91.61,93.5 1 0
opentracker/internal/browsercookies/browsercookies.go:96.3,96.23 1 0
opentracker/internal/browsercookies/browsercookies.go:96.23,97.21 1 0
opentracker/internal/browsercookies/browsercookies.go:97.21,99.5 1 0
opentracker/internal/browsercookies/browsercookies.go:100.4,100.15 1 0
opentracker/internal/browsercookies/browsercookies.go:100.15,101.22 1 0
opentracker/internal/browsercookies/browsercookies.go:101.22,103.6 1 0
opentracker/internal/browsercookies/browsercookies.go:104.5,104.32 1 0
opentracker/internal/browsercookies/browsercookies.go:106.4,106.21 1 0
opentracker/internal/browsercookies/browsercookies.go:106.21,108.5 1 0
opentracker/internal/browsercookies/browsercookies.go:112.2,112.85 1 0
opentracker/internal/browsercookies/browsercookies.go:115.101,117.16 2 0
opentracker/internal/browsercookies/browsercookies.go:117.16,119.3 1 0
opentracker/internal/browsercookies/browsercookies.go:121.2,123.16 3 0
opentracker/internal/browsercookies/browsercookies.go:123.16,125.3 1 0
opentracker/internal/browsercookies/browsercookies.go:127.2,127.23 1 0
opentracker/internal/browsercookies/browsercookies.go:127.23,129.3 1 0
opentracker/internal/browsercookies/browsercookies.go:131.2,131.31 1 0
opentracker/internal/browsercookies/browsercookies.go:131.31,135.20 3 0
opentracker/internal/browsercookies/browsercookies.go:135.20,137.4 1 0
opentracker/internal/browsercookies/browsercookies.go:139.3,140.34 2 0
opentracker/internal/browsercookies/browsercookies.go:140.34,141.21 1 0
opentracker/internal/browsercookies/browsercookies.go:141.21,143.5 1 0
opentracker/internal/browsercookies/browsercookies.go:144.4,144.31 1 0
opentracker/internal/browsercookies/browsercookies.go:146.3,146.23 1 0
opentracker/internal/browsercookies/browsercookies.go:146.23,147.21 1 0
opentracker/internal/browsercookies/browsercookies.go:147.21,149.5 1 0
opentracker/internal/browsercookies/browsercookies.go:153.2,153.64 1 0
opentracker/internal/browsercookies/browsercookies.go:156.105,158.16 2 0
opentracker/internal/browsercookies/browsercookies.go:158.16,160.3 1 0
opentracker/internal/browsercookies/browsercookies.go:162.2,164.16 3 0
opentracker/internal/browsercookies/browsercookies.go:164.16,166.3 1 0
opentracker/internal/browsercookies/browsercookies.go:168.2,168.23 1 0
opentracker/internal/browsercookies/browsercookies.go:168.23,170.3 1 0
opentracker/internal/browsercookies/browsercookies.go:172.2,172.31 1 0
opentracker/internal/browsercookies/browsercookies.go:172.31,176.20 3 0
opentracker/internal/browsercookies/browsercookies.go:176.20,178.4 1 0
opentracker/internal/browsercookies/browsercookies.go:180.3,181.34 2 0
opentracker/internal/browsercookies/browsercookies.go:181.34,182.21 1 0
opentracker/internal/browsercookies/browsercookies.go:182.21,184.5 1 0
opentracker/internal/browsercookies/browsercookies.go:185.4,185.31 1 0
opentracker/internal/browsercookies/browsercookies.go:187.3,187.23 1 0
opentracker/internal/browsercookies/browsercookies.go:187.23,188.21 1 0
opentracker/internal/browsercookies/browsercookies.go:188.21,190.5 1 0
opentracker/internal/browsercookies/browsercookies.go:194.2,194.68 1 0
opentracker/internal/browsercookies/browsercookies.go:197.101,202.33 4 0
opentracker/internal/browsercookies/browsercookies.go:202.33,203.20 1 0
opentracker/internal/browsercookies/browsercookies.go:203.20,204.12 1 0
opentracker/internal/browsercookies/browsercookies.go:207.3,207.51 1 0
opentracker/internal/browsercookies/browsercookies.go:207.51,208.12 1 0
opentracker/internal/browsercookies/browsercookies.go:211.3,212.60 2 0
opentracker/internal/browsercookies/browsercookies.go:212.60,214.4 1 0
opentracker/internal/browsercookies/browsercookies.go:217.2,217.25 1 0
opentracker/internal/browsercookies/browsercookies.go:221.56,223.16 2 0
opentracker/internal/browsercookies/browsercookies.go:223.16,225.3 1 0
opentracker/internal/browsercookies/browsercookies.go:227.2,228.48 2 0
opentracker/internal/browsercookies/browsercookies.go:228.48,230.3 1 0
opentracker/internal/browsercookies/browsercookies.go:232.2,234.16 3 0
opentracker/internal/browsercookies/browsercookies.go:234.16,236.3 1 0
opentracker/internal/browsercookies/browsercookies.go:237.2,240.12 3 0
opentracker/internal/browsercookies/browsercookies.go:243.61,245.34 2 0
opentracker/internal/browsercookies/browsercookies.go:245.34,247.60 2 0
opentracker/internal/browsercookies/browsercookies.go:247.60,249.4 1 0
opentracker/internal/browsercookies/browsercookies.go:251.2,251.14 1 0
opentracker/main.go:12.13,15.2 2 0
opentracker/internal/output/json.go:11.50,15.44 4 0
opentracker/internal/output/json.go:15.44,17.3 1 0
opentracker/internal/output/json.go:18.2,18.12 1 0
